{
    "call_type": "CALL",
    "calldata": ["0x0"],
    "caller_address": "0x0",
    "class_hash": "0x18272236f94c858935851a7024eff968eea3af2b8ed2ad02c16917068f23866",
    "contract_address": "0x578a1ef00e80a278c2705b51fd5dfeef13ca3dd5b3caf0c6b6ab055b53e239",
    "entry_point_type": "CONSTRUCTOR",
    "events": [],
    "execution_resources": {
        "builtin_instance_counter": {},
        "n_memory_holes": 0,
        "n_steps": 40
    },
    "internal_calls": [],
    "messages": [],
    "result": [],
    "selector": "0x28ffe4ff0f226a9107253e17a904099aa4f63a02a5621de0576e5aa71bc5194"
}
