{
    "actual_fee": "0x0",
    "block_hash": "0x1",
    "block_number": 1,
    "events": [],
    "execution_resources": {
        "builtin_instance_counter": {},
        "n_memory_holes": 0,
        "n_steps": 40
    },
    "l2_to_l1_messages": [],
    "status": "ACCEPTED_ON_L2",
    "transaction_hash": "0x0032ff8b9c26706c5dfdaca49231f6b642fbe540235ec60d87cc1d92a186bdea",
    "transaction_index": 0
}
