{
    "events": [
        {
            "data": [
                "0x0",
                "0xa"
            ],
            "from_address": "0x2f248e35e11102ef6c9fd694ac81874b86165c858602882e037f72bd18ae216",
            "keys": [
                "0x3db3da4221c078e78bd987e54e1cc24570d89a7002cefa33e548d6c72c73f9d"
            ]
        },
        {
            "data": [
                "0x347be35996a21f6bf0623e75dbce52baba918ad5ae8d83b6f416045ab22961a",
                "0x388ca486b82e20cc81965d056b4cdcaacdffe0cf08e20ed8ba10ea97a487004",
                "0x160cb01b55800",
                "0x0"
            ],
            "from_address": "0x62230ea046a9a5fbc261ac77d03c8d41e5d442db2284587570ab46455fd2488",
            "keys": [
                "0x99cd8bde557814842a3121e8ddfd433a539b8c9f14bf31ebf108d12e6196e9"
            ]
        }
    ]
}
